#-----------------------------------------------------------
# Vivado v2024.1 (64-bit)
# SW Build 5076996 on Wed May 22 18:37:14 MDT 2024
# IP Build 5075265 on Wed May 22 21:45:21 MDT 2024
# SharedData Build 5076995 on Wed May 22 18:29:18 MDT 2024
# Start of session at: Thu Jul 24 00:19:07 2025
# Process ID: 2152
# Current directory: C:/Users/Hp/Approximate Multiplier/Approximate Multiplier.srcs/utils_1/imports/synth_1
# Command line: vivado.exe -gui_launcher_event rodinguilauncherevent11224 C:\Users\Hp\Approximate Multiplier\Approximate Multiplier.srcs\utils_1\imports\synth_1\TopModule.dcp
# Log file: C:/Users/Hp/Approximate Multiplier/Approximate Multiplier.srcs/utils_1/imports/synth_1/vivado.log
# Journal file: C:/Users/Hp/Approximate Multiplier/Approximate Multiplier.srcs/utils_1/imports/synth_1\vivado.jou
# Running On        :DESKTOP-4A03453
# Platform          :Windows Server 2016 or Windows 10
# Operating System  :22631
# Processor Detail  :Intel(R) Core(TM) i5-8250U CPU @ 1.60GHz
# CPU Frequency     :1800 MHz
# CPU Physical cores:4
# CPU Logical cores :8
# Host memory       :4201 MB
# Swap memory       :11434 MB
# Total Virtual     :15636 MB
# Available Virtual :2779 MB
#-----------------------------------------------------------
start_gui
open_checkpoint {C:/Users/Hp/Approximate Multiplier/Approximate Multiplier.srcs/utils_1/imports/synth_1/TopModule.dcp}
